[INFO] Scanning for projects...
[INFO] 
[INFO] --------------------------< com.cts.mfrp:pc >---------------------------
[INFO] Building  0.0.1-SNAPSHOT
[INFO]   from pom.xml
[INFO] --------------------------------[ jar ]---------------------------------
[INFO] 
[INFO] --- clean:3.5.0:clean (default-clean) @ pc ---
[INFO] Deleting C:\Users\2480176\Documents\pharmaconnect\pc\target
[INFO] 
[INFO] --- resources:3.3.1:resources (default-resources) @ pc ---
[INFO] Copying 1 resource from src\main\resources to target\classes
[INFO] Copying 3 resources from src\main\resources to target\classes
[INFO] 
[INFO] --- compiler:3.14.1:compile (default-compile) @ pc ---
[INFO] Recompiling the module because of changed source code.
[INFO] Compiling 67 source files with javac [debug parameters release 21] to target\classes
[INFO] Annotation processing is enabled because one or more processors were found
  on the class path. A future release of javac may disable annotation processing
  unless at least one processor is specified by name (-processor), or a search
  path is specified (--processor-path, --processor-module-path), or annotation
  processing is enabled explicitly (-proc:only, -proc:full).
  Use -Xlint:-options to suppress this message.
  Use -proc:none to disable annotation processing.
[INFO] 
[INFO] --- resources:3.3.1:testResources (default-testResources) @ pc ---
[INFO] skip non existing resourceDirectory C:\Users\2480176\Documents\pharmaconnect\pc\src\test\resources
[INFO] 
[INFO] --- compiler:3.14.1:testCompile (default-testCompile) @ pc ---
[INFO] Recompiling the module because of changed dependency.
[INFO] Compiling 1 source file with javac [debug parameters release 21] to target\test-classes
[INFO] Annotation processing is enabled because one or more processors were found
  on the class path. A future release of javac may disable annotation processing
  unless at least one processor is specified by name (-processor), or a search
  path is specified (--processor-path, --processor-module-path), or annotation
  processing is enabled explicitly (-proc:only, -proc:full).
  Use -Xlint:-options to suppress this message.
  Use -proc:none to disable annotation processing.
[INFO] 
[INFO] --- surefire:3.5.4:test (default-test) @ pc ---
[INFO] Tests are skipped.
[INFO] 
[INFO] --- jar:3.4.2:jar (default-jar) @ pc ---
[INFO] Building jar: C:\Users\2480176\Documents\pharmaconnect\pc\target\pc-0.0.1-SNAPSHOT.jar
[INFO] 
[INFO] --- spring-boot:4.0.3:repackage (repackage) @ pc ---
[INFO] Replacing main artifact C:\Users\2480176\Documents\pharmaconnect\pc\target\pc-0.0.1-SNAPSHOT.jar with repackaged archive, adding nested dependencies in BOOT-INF/.
[INFO] The original artifact has been renamed to C:\Users\2480176\Documents\pharmaconnect\pc\target\pc-0.0.1-SNAPSHOT.jar.original
[INFO] ------------------------------------------------------------------------
[INFO] BUILD SUCCESS
[INFO] ------------------------------------------------------------------------
[INFO] Total time:  55.867 s
[INFO] Finished at: 2026-06-05T09:38:20+05:30
[INFO] ------------------------------------------------------------------------
